// Vitest Snapshot v1, https://vitest.dev/guide/snapshot.html

exports[`multiply > multiplies two matrices in column-major order 1`] = `
[
  [
    2,
    0,
    0,
    0,
  ],
  [
    0,
    3,
    0,
    0,
  ],
  [
    0,
    0,
    4,
    0,
  ],
  [
    1,
    2,
    3,
    1,
  ],
]
`;

exports[`multiply > multiplies two matrices in column-major order 2`] = `
[
  [
    2,
    0,
    0,
    0,
  ],
  [
    0,
    3,
    0,
    0,
  ],
  [
    0,
    0,
    4,
    0,
  ],
  [
    2,
    6,
    12,
    1,
  ],
]
`;

exports[`multiply > writes into a provided destination without mutating inputs 1`] = `
[
  [
    2,
    0,
    0,
    0,
  ],
  [
    0,
    3,
    0,
    0,
  ],
  [
    0,
    0,
    4,
    0,
  ],
  [
    1,
    2,
    3,
    1,
  ],
]
`;
