// Vitest Snapshot v1, https://vitest.dev/guide/snapshot.html

exports[`yRotation > creates a rotation matrix around the y axis 1`] = `
[
  [
    0.707107,
    0,
    -0.707107,
    0,
  ],
  [
    0,
    1,
    0,
    0,
  ],
  [
    0.707107,
    0,
    0.707107,
    0,
  ],
  [
    0,
    0,
    0,
    1,
  ],
]
`;
