// Vitest Snapshot v1, https://vitest.dev/guide/snapshot.html

exports[`zRotation > creates a rotation matrix around the z axis 1`] = `
[
  [
    0.707107,
    0.707107,
    0,
    0,
  ],
  [
    -0.707107,
    0.707107,
    0,
    0,
  ],
  [
    0,
    0,
    1,
    0,
  ],
  [
    0,
    0,
    0,
    1,
  ],
]
`;

exports[`zRotation > writes into an existing matrix 1`] = `
[
  [
    0.707107,
    0.707107,
    0,
    0,
  ],
  [
    -0.707107,
    0.707107,
    0,
    0,
  ],
  [
    0,
    0,
    1,
    0,
  ],
  [
    0,
    0,
    0,
    1,
  ],
]
`;
